name: TestName
cases:
- name: firstTestCase
- name: secondTestCase
- name: thirdTestCase
